../Core/Src/modbus_port.c:37:6:modbus_port_init	8	static
../Core/Src/modbus_port.c:64:6:modbus_port_send	24	static
../Core/Src/modbus_port.c:85:6:modbus_port_on_byte_received	16	static
../Core/Src/modbus_port.c:90:6:modbus_port_on_frame_timeout	8	static
../Core/Src/modbus_port.c:95:6:modbus_port_start_timer	8	static
../Core/Src/modbus_port.c:106:6:modbus_port_stop_timer	8	static
../Core/Src/modbus_port.c:114:6:HAL_UART_RxCpltCallback	16	static
../Core/Src/modbus_port.c:127:6:HAL_UART_ErrorCallback	16	static
../Core/Src/modbus_port.c:135:6:HAL_TIM_PeriodElapsedCallback	16	static
