../Core/Src/modbus_port.c:26:6:modbus_port_init	16	static
../Core/Src/modbus_port.c:39:6:modbus_port_send	24	static
../Core/Src/modbus_port.c:57:6:modbus_port_start_timer	8	static
../Core/Src/modbus_port.c:68:6:modbus_port_stop_timer	8	static
../Core/Src/modbus_port.c:75:6:modbus_port_on_byte_received	16	static
../Core/Src/modbus_port.c:80:6:modbus_port_on_frame_timeout	8	static
../Core/Src/modbus_port.c:87:6:HAL_UART_RxCpltCallback	16	static
../Core/Src/modbus_port.c:100:6:HAL_UART_ErrorCallback	16	static
../Core/Src/modbus_port.c:107:6:HAL_TIM_PeriodElapsedCallback	16	static
